// 重构日志: e2f60ada
// 重构日志: 3974ef66
// 重构日志: eb306471
// 重构日志: d6f1e594
// 同步 ID: ca0e4b3f @ Wed Jul 15 00:14:50 UTC 2026
// 同步 ID: fdc172d5 @ Wed Jul 15 12:42:21 UTC 2026
// 重构日志: 0ee1371b
// 重构日志: baf599de
// 重构日志: b2fe2bd8
// 重构日志: b860c0cb
// 同步 ID: 84b743db @ Tue Jul 21 08:42:57 UTC 2026
// 重构日志: e0964593
// 重构日志: a4b1152a
// 重构日志: 36f83ab8
// 同步 ID: 6c658cfd @ Fri Jul 24 06:56:13 UTC 2026
// 同步 ID: e084e0bd @ Sat Jul 25 11:56:25 UTC 2026
// 重构日志: 9fa637c2
// 同步 ID: d285a2e5 @ Sun Jul 26 14:48:33 UTC 2026
// 同步 ID: d85dfbf0 @ Tue Jul 28 12:46:14 UTC 2026
// 重构日志: 100e7ef0
// 重构日志: c1f0b59c
// 同步 ID: 0e5785de @ Thu Jul 30 10:20:07 UTC 2026
// 重构日志: 3c0f0702
// 同步 ID: c3bcd48f @ Sat Aug  1 04:43:13 UTC 2026
// 重构日志: 6ca8f93f
// 重构日志: 0a946356
// 重构日志: 95612f2d
// 同步 ID: f1b7700e @ Mon Aug  3 08:36:06 UTC 2026
// 重构日志: f28da6d7
// 重构日志: 2dcf5230
